node.exe : npm warn Unknown env config "devdir". This will stop working in the next major version of npm.
At C:\Program Files\nodejs\npm.ps1:29 char:3
+   & $NODE_EXE $NPM_CLI_JS $args
+   ~~~~~~~~~~~~~~~~~~~~~~~~~~~~~
    + CategoryInfo          : NotSpecified: (npm warn Unknow...version of npm.:String) [], RemoteException
    + FullyQualifiedErrorId : NativeCommandError
 

> sanity-blog@0.1.0 build
> next build

Γû▓ Next.js 16.1.6 (Turbopack)
- Environments: .env.local

  Creating an optimized production build ...
Turbopack build encountered 2 warnings:
[next]/internal/font/google/geist_a71539c9.module.css
Error while requesting resource
There was an issue establishing a connection while requesting 
https://fonts.googleapis.com/css2?family=Geist:wght@100..900&display=swap

Import trace:
  Server Component:
    [next]/internal/font/google/geist_a71539c9.module.css
    [next]/internal/font/google/geist_a71539c9.js
    ./app/layout.tsx


[next]/internal/font/google/geist_mono_8d43a2aa.module.css
Error while requesting resource
There was an issue establishing a connection while requesting 
https://fonts.googleapis.com/css2?family=Geist+Mono:wght@100..900&display=swap

Import trace:
  Server Component:
    [next]/internal/font/google/geist_mono_8d43a2aa.module.css
    [next]/internal/font/google/geist_mono_8d43a2aa.js
    ./app/layout.tsx



> Build error occurred
Error: Turbopack build failed with 2 errors:
[next]/internal/font/google/geist_a71539c9.module.css
next/font: error:
Failed to fetch `Geist` from Google Fonts.

Import trace:
  Server Component:
    [next]/internal/font/google/geist_a71539c9.module.css
    [next]/internal/font/google/geist_a71539c9.js
    ./app/layout.tsx


[next]/internal/font/google/geist_mono_8d43a2aa.module.css
next/font: error:
Failed to fetch `Geist Mono` from Google Fonts.

Import trace:
  Server Component:
    [next]/internal/font/google/geist_mono_8d43a2aa.module.css
    [next]/internal/font/google/geist_mono_8d43a2aa.js
    ./app/layout.tsx


    at ignore-listed frames
